// Jest Snapshot v1, https://goo.gl/fbAQLP

exports[`MyComponent should render data after API request 1`] = `
Object {
  "asFragment": [Function],
  "baseElement": <body>
    <div>
      <div
        id="books-table"
      >
        <div
          class="books-table-header"
        >
          <div
            class="header-wrapper"
          >
            <h3>
              #
            </h3>
          </div>
          <div
            class="header-wrapper"
          >
            <h3>
              Title
            </h3>
          </div>
          <div
            class="header-wrapper"
          >
            <h3>
              Author
            </h3>
          </div>
          <div
            class="header-wrapper"
          >
            <h3>
              Progress
            </h3>
          </div>
          <div
            class="header-wrapper"
          >
            <h3>
              Action
            </h3>
          </div>
        </div>
        <div
          class="books-table-item"
        >
          <div
            class="header-wrapper"
          >
            <h3>
              1
            </h3>
          </div>
          <div
            class="header-wrapper"
          >
            <h3>
              my book1
            </h3>
          </div>
          <div
            class="header-wrapper"
          >
            <h3>
              author1
            </h3>
          </div>
          <div
            class="header-wrapper progress"
          >
            <div
              class="sc-bcXHqe iyTLPo"
            >
              <div
                class="ant-progress ant-progress-line ant-progress-status-normal ant-progress-default css-dev-only-do-not-override-10ed4xt"
                role="progressbar"
              >
                <div
                  class="ant-progress-outer"
                >
                  <div
                    class="ant-progress-inner"
                  >
                    <div
                      class="ant-progress-bg"
                      style="width: 0%; height: 12px;"
                    />
                  </div>
                </div>
              </div>
              <div
                class="label-middle"
              >
                /
              </div>
            </div>
          </div>
          <div
            class="header-wrapper"
          >
            <img
              class="action-icon"
              src="delete.png"
            />
            <img
              class="action-icon arrow"
              src="arrow.png"
              style="transform: rotate(0.5turn);"
            />
            <img
              class="action-icon"
              src="note.png"
            />
          </div>
        </div>
        <div
          class="books-table-item"
        >
          <div
            class="header-wrapper"
          >
            <h3>
              2
            </h3>
          </div>
          <div
            class="header-wrapper"
          >
            <h3>
              my book2
            </h3>
          </div>
          <div
            class="header-wrapper"
          >
            <h3>
              author2
            </h3>
          </div>
          <div
            class="header-wrapper progress"
          >
            <div
              class="sc-bcXHqe iyTLPo"
            >
              <div
                class="ant-progress ant-progress-line ant-progress-status-normal ant-progress-default css-dev-only-do-not-override-10ed4xt"
                role="progressbar"
              >
                <div
                  class="ant-progress-outer"
                >
                  <div
                    class="ant-progress-inner"
                  >
                    <div
                      class="ant-progress-bg"
                      style="width: 0%; height: 12px;"
                    />
                  </div>
                </div>
              </div>
              <div
                class="label-middle"
              >
                /
              </div>
            </div>
          </div>
          <div
            class="header-wrapper"
          >
            <img
              class="action-icon"
              src="delete.png"
            />
            <img
              class="action-icon arrow"
              src="arrow.png"
              style="transform: rotate(0.5turn);"
            />
            <img
              class="action-icon"
              src="note.png"
            />
          </div>
        </div>
        <div
          class="books-table-item"
        >
          <div
            class="header-wrapper"
          >
            <h3>
              3
            </h3>
          </div>
          <div
            class="header-wrapper"
          >
            <h3>
              my book3
            </h3>
          </div>
          <div
            class="header-wrapper"
          >
            <h3>
              author3
            </h3>
          </div>
          <div
            class="header-wrapper progress"
          >
            <div
              class="sc-bcXHqe iyTLPo"
            >
              <div
                class="ant-progress ant-progress-line ant-progress-status-normal ant-progress-default css-dev-only-do-not-override-10ed4xt"
                role="progressbar"
              >
                <div
                  class="ant-progress-outer"
                >
                  <div
                    class="ant-progress-inner"
                  >
                    <div
                      class="ant-progress-bg"
                      style="width: 0%; height: 12px;"
                    />
                  </div>
                </div>
              </div>
              <div
                class="label-middle"
              >
                /
              </div>
            </div>
          </div>
          <div
            class="header-wrapper"
          >
            <img
              class="action-icon"
              src="delete.png"
            />
            <img
              class="action-icon arrow"
              src="arrow.png"
              style="transform: rotate(0.5turn);"
            />
            <img
              class="action-icon"
              src="note.png"
            />
          </div>
        </div>
      </div>
    </div>
  </body>,
  "container": <div>
    <div
      id="books-table"
    >
      <div
        class="books-table-header"
      >
        <div
          class="header-wrapper"
        >
          <h3>
            #
          </h3>
        </div>
        <div
          class="header-wrapper"
        >
          <h3>
            Title
          </h3>
        </div>
        <div
          class="header-wrapper"
        >
          <h3>
            Author
          </h3>
        </div>
        <div
          class="header-wrapper"
        >
          <h3>
            Progress
          </h3>
        </div>
        <div
          class="header-wrapper"
        >
          <h3>
            Action
          </h3>
        </div>
      </div>
      <div
        class="books-table-item"
      >
        <div
          class="header-wrapper"
        >
          <h3>
            1
          </h3>
        </div>
        <div
          class="header-wrapper"
        >
          <h3>
            my book1
          </h3>
        </div>
        <div
          class="header-wrapper"
        >
          <h3>
            author1
          </h3>
        </div>
        <div
          class="header-wrapper progress"
        >
          <div
            class="sc-bcXHqe iyTLPo"
          >
            <div
              class="ant-progress ant-progress-line ant-progress-status-normal ant-progress-default css-dev-only-do-not-override-10ed4xt"
              role="progressbar"
            >
              <div
                class="ant-progress-outer"
              >
                <div
                  class="ant-progress-inner"
                >
                  <div
                    class="ant-progress-bg"
                    style="width: 0%; height: 12px;"
                  />
                </div>
              </div>
            </div>
            <div
              class="label-middle"
            >
              /
            </div>
          </div>
        </div>
        <div
          class="header-wrapper"
        >
          <img
            class="action-icon"
            src="delete.png"
          />
          <img
            class="action-icon arrow"
            src="arrow.png"
            style="transform: rotate(0.5turn);"
          />
          <img
            class="action-icon"
            src="note.png"
          />
        </div>
      </div>
      <div
        class="books-table-item"
      >
        <div
          class="header-wrapper"
        >
          <h3>
            2
          </h3>
        </div>
        <div
          class="header-wrapper"
        >
          <h3>
            my book2
          </h3>
        </div>
        <div
          class="header-wrapper"
        >
          <h3>
            author2
          </h3>
        </div>
        <div
          class="header-wrapper progress"
        >
          <div
            class="sc-bcXHqe iyTLPo"
          >
            <div
              class="ant-progress ant-progress-line ant-progress-status-normal ant-progress-default css-dev-only-do-not-override-10ed4xt"
              role="progressbar"
            >
              <div
                class="ant-progress-outer"
              >
                <div
                  class="ant-progress-inner"
                >
                  <div
                    class="ant-progress-bg"
                    style="width: 0%; height: 12px;"
                  />
                </div>
              </div>
            </div>
            <div
              class="label-middle"
            >
              /
            </div>
          </div>
        </div>
        <div
          class="header-wrapper"
        >
          <img
            class="action-icon"
            src="delete.png"
          />
          <img
            class="action-icon arrow"
            src="arrow.png"
            style="transform: rotate(0.5turn);"
          />
          <img
            class="action-icon"
            src="note.png"
          />
        </div>
      </div>
      <div
        class="books-table-item"
      >
        <div
          class="header-wrapper"
        >
          <h3>
            3
          </h3>
        </div>
        <div
          class="header-wrapper"
        >
          <h3>
            my book3
          </h3>
        </div>
        <div
          class="header-wrapper"
        >
          <h3>
            author3
          </h3>
        </div>
        <div
          class="header-wrapper progress"
        >
          <div
            class="sc-bcXHqe iyTLPo"
          >
            <div
              class="ant-progress ant-progress-line ant-progress-status-normal ant-progress-default css-dev-only-do-not-override-10ed4xt"
              role="progressbar"
            >
              <div
                class="ant-progress-outer"
              >
                <div
                  class="ant-progress-inner"
                >
                  <div
                    class="ant-progress-bg"
                    style="width: 0%; height: 12px;"
                  />
                </div>
              </div>
            </div>
            <div
              class="label-middle"
            >
              /
            </div>
          </div>
        </div>
        <div
          class="header-wrapper"
        >
          <img
            class="action-icon"
            src="delete.png"
          />
          <img
            class="action-icon arrow"
            src="arrow.png"
            style="transform: rotate(0.5turn);"
          />
          <img
            class="action-icon"
            src="note.png"
          />
        </div>
      </div>
    </div>
  </div>,
  "debug": [Function],
  "findAllByAltText": [Function],
  "findAllByDisplayValue": [Function],
  "findAllByLabelText": [Function],
  "findAllByPlaceholderText": [Function],
  "findAllByRole": [Function],
  "findAllByTestId": [Function],
  "findAllByText": [Function],
  "findAllByTitle": [Function],
  "findByAltText": [Function],
  "findByDisplayValue": [Function],
  "findByLabelText": [Function],
  "findByPlaceholderText": [Function],
  "findByRole": [Function],
  "findByTestId": [Function],
  "findByText": [Function],
  "findByTitle": [Function],
  "getAllByAltText": [Function],
  "getAllByDisplayValue": [Function],
  "getAllByLabelText": [Function],
  "getAllByPlaceholderText": [Function],
  "getAllByRole": [Function],
  "getAllByTestId": [Function],
  "getAllByText": [Function],
  "getAllByTitle": [Function],
  "getByAltText": [Function],
  "getByDisplayValue": [Function],
  "getByLabelText": [Function],
  "getByPlaceholderText": [Function],
  "getByRole": [Function],
  "getByTestId": [Function],
  "getByText": [Function],
  "getByTitle": [Function],
  "queryAllByAltText": [Function],
  "queryAllByDisplayValue": [Function],
  "queryAllByLabelText": [Function],
  "queryAllByPlaceholderText": [Function],
  "queryAllByRole": [Function],
  "queryAllByTestId": [Function],
  "queryAllByText": [Function],
  "queryAllByTitle": [Function],
  "queryByAltText": [Function],
  "queryByDisplayValue": [Function],
  "queryByLabelText": [Function],
  "queryByPlaceholderText": [Function],
  "queryByRole": [Function],
  "queryByTestId": [Function],
  "queryByText": [Function],
  "queryByTitle": [Function],
  "rerender": [Function],
  "unmount": [Function],
}
`;
